---
source: src/ui/mod.rs
assertion_line: 451
expression: output
---
 Model: gpt-4o  Provider: openai  MCP: 0 servers
────────────────────────────────────────────────────────────────────────────────
┌ Chats ────────────────┐┌ Chat ───────────────────────────┐┌ Tools ───────────┐
│> New Chat             ││                                 ││No MCP servers    │
│                       ││                                 ││                  │
│                       ││                                 ││                  │
│                       ││                                 ││                  │
│                       ││                                 ││                  │
│                       ││                                 ││                  │
│                       ││                                 ││                  │
│                       ││                                 ││                  │
│                       ││                                 ││                  │
│                       ││                                 ││                  │
│                       ││                                 ││                  │
│                       ││                                 ││                  │
│                       ││                                 ││                  │
│                       ││                                 ││                  │
│                       ││                                 ││                  │
│                       ││                                 ││                  │
└───────────────────────┘└─────────────────────────────────┘└──────────────────┘
┌ Input [INSERT] ──────────────────────────────────────────────────────────────┐
│Hello                                                                         │
└──────────────────────────────────────────────────────────────────────────────┘
 INSERT   Esc:normal  Enter:send  type to compose
