---
source: src/ui/mod.rs
assertion_line: 411
expression: output
---
 Model: gpt-4o  Provider: openai  MCP: 0 servers
────────────────────────────────────────────────────────────────────────────────
┌ Chats ────────────────┐┌ Chat ───────────────────────────┐┌ Tools ───────────┐
│> New Chat             ││                                 ││No MCP servers    │
│                       ││                                 ││                  │
│                       ││                                 ││                  │
│                       ││                                 ││                  │
│                       ││                                 ││                  │
│                       ││                                 ││                  │
│                       ││                                 ││                  │
│                       ││                                 ││                  │
│                       ││                                 ││                  │
│                       ││                                 ││                  │
│                       ││                                 ││                  │
│                       ││                                 ││                  │
│                       ││                                 ││                  │
│                       ││                                 ││                  │
│                       ││                                 ││                  │
│                       ││                                 ││                  │
└───────────────────────┘└─────────────────────────────────┘└──────────────────┘
┌ Input [NORMAL] ──────────────────────────────────────────────────────────────┐
│                                                                              │
└──────────────────────────────────────────────────────────────────────────────┘
 NORMAL   q:quit  i:insert  /:search  Tab:focus  j/k:scroll  ?:help
